Enter list: 
Original list: [1] -> X
After deleting largest: X
The largest value was: 1
