Tree:
                   1
                  / \
                 /   \
                -1    2
               /       \
              -2        3
             /           \
            -3            4
           /               \
          -4                5
         /                   \
        -5                    6
       /                       \
      -6                        7
     /                           \
    -7                            8
   /                               \
  -8                                9
 /
-9

#nodes = 18,  #leaves = 2
Infix  : -9 -8 -7 -6 -5 -4 -3 -2 -1 1 2 3 4 5 6 7 8 9 
Prefix : 1 -1 -2 -3 -4 -5 -6 -7 -8 -9 2 3 4 5 6 7 8 9 
Postfix: -9 -8 -7 -6 -5 -4 -3 -2 -1 9 8 7 6 5 4 3 2 1 
ByLevel: 1 -1 2 -2 3 -3 4 -4 5 -5 6 -6 7 -7 8 -8 9 -9 
